// Jest Snapshot v1, https://goo.gl/fbAQLP

exports[`Container Tests Test Container 1`] = `
<[View]
  actions={
    Object {
      "loadResourceArticle": [Function],
      "setToolSettings": [Function],
    }
  }
  contextIdReducer={
    Object {
      "contextId": Object {
        "groupId": "groupId1",
      },
    }
  }
  groupsIndexReducer={
    Object {
      "groupsIndex": Array [
        Object {
          "id": "groupId1",
          "name": "group title",
        },
        Object {
          "id": "groupId2",
          "name": "group title2",
        },
      ],
    }
  }
  projectDetailsReducer={
    Object {
      "currentProjectToolsSelectedGL": Object {
        "translationWords": "en",
      }
    }
  }
  settingsReducer={
    Object {
      "toolsSettings": Object {
        "ScripturePane": Object {
          "currentPaneSettings": Array [
            Object {
              "bibleId": "ugnt",
              "languageId": "originalLanguage",
            },
          ],
        },
      },
    }
  }
  showHelps={true}
  title="group title"
  toggleHelps={[Function]}
  toolsReducer={
    Object {
      "currentToolName": "translationWords",
    }
  }
  translate={[Function]}
/>
`;

exports[`Container Tests Test empty Container 1`] = `null`;
